###############################################################################
#
# IAR ELF Linker V7.70.1.11437/W32 for ARM                13/Nov/2018  17:56:53
# Copyright 2007-2016 IAR Systems AB.
#
#    Output file  =  
#        C:\Users\baidachenko.v.ABK-D113\Projects\st7735-adapter\SW\PROJ_DIR\Debug\Exe\st7735-adapter.out
#    Map file     =  
#        C:\Users\baidachenko.v.ABK-D113\Projects\st7735-adapter\SW\PROJ_DIR\Debug\List\st7735-adapter.map
#    Command line =  
#        C:\Users\baidachenko.v.ABK-D113\Projects\st7735-adapter\SW\PROJ_DIR\Debug\Obj\clock.o
#        C:\Users\baidachenko.v.ABK-D113\Projects\st7735-adapter\SW\PROJ_DIR\Debug\Obj\delay.o
#        C:\Users\baidachenko.v.ABK-D113\Projects\st7735-adapter\SW\PROJ_DIR\Debug\Obj\gpio.o
#        C:\Users\baidachenko.v.ABK-D113\Projects\st7735-adapter\SW\PROJ_DIR\Debug\Obj\main.o
#        C:\Users\baidachenko.v.ABK-D113\Projects\st7735-adapter\SW\PROJ_DIR\Debug\Obj\st7735.o
#        C:\Users\baidachenko.v.ABK-D113\Projects\st7735-adapter\SW\PROJ_DIR\Debug\Obj\startup_stm32f042x6.o
#        C:\Users\baidachenko.v.ABK-D113\Projects\st7735-adapter\SW\PROJ_DIR\Debug\Obj\system_stm32f0xx.o
#        --redirect _Printf=_PrintfFull --redirect _Scanf=_ScanfFull -o
#        C:\Users\baidachenko.v.ABK-D113\Projects\st7735-adapter\SW\PROJ_DIR\Debug\Exe\st7735-adapter.out
#        --map
#        C:\Users\baidachenko.v.ABK-D113\Projects\st7735-adapter\SW\PROJ_DIR\Debug\List\st7735-adapter.map
#        --config "C:\Program Files (x86)\IAR Systems\Embedded Workbench
#        7.5\arm\config\linker\ST\stm32f042x4.icf" --semihosting --entry
#        __iar_program_start --vfe
#
###############################################################################

*******************************************************************************
*** MESSAGES
***

Error[Lp011]: section placement failed
            unable to allocate space for sections/blocks with a total estimated
                      minimum size of 0x680c bytes (max align 0x8) in
                      <[0x20000000-0x200017ff]> (total uncommitted space
                      0x1800).


*******************************************************************************
*** RUNTIME MODEL ATTRIBUTES
***

CppFlavor       = *
__SystemLibrary = DLib


*******************************************************************************
*** PLACEMENT SUMMARY
***

"A0":  place at 0x08000000 { ro section .intvec };
"P1":  place in [from 0x08000000 to 0x08003fff] { ro };
"P2":  place in [from 0x20000000 to 0x200017ff] { rw, block CSTACK, block HEAP };
initialize by copy { rw };

  Section            Kind        Address    Size  Object
  -------            ----        -------    ----  ------
"A0":                                       0xc0
  .intvec            ro code  0x08000000    0xc0  startup_stm32f042x6.o [1]
                            - 0x080000c0    0xc0

"P1":                                      0xd02
  .text              ro code  0x080000c0   0x5a0  st7735.o [1]
  .text              ro code  0x08000660    0x32  I64Mul.o [4]
  .text              ro code  0x08000692    0xe0  I32DivModFast.o [4]
  .text              ro code  0x08000772     0x2  startup_stm32f042x6.o [1]
  .text              ro code  0x08000774     0x2  IntDivZer.o [4]
  .text              ro code  0x08000776     0x2  startup_stm32f042x6.o [1]
  .text              ro code  0x08000778   0x220  gpio.o [1]
  .rodata            const    0x08000998    0xa8  gpio.o [1]
  .text              ro code  0x08000a40    0xa0  clock.o [1]
  .text              ro code  0x08000ae0    0x94  system_stm32f0xx.o [1]
  .rodata            const    0x08000b74    0x48  st7735.o [1]
  .text              ro code  0x08000bbc    0x3c  startup_stm32f042x6.o [1]
  .text              ro code  0x08000bf8    0x3c  zero_init3.o [4]
  .rodata            const    0x08000c34    0x30  st7735.o [1]
  .text              ro code  0x08000c64    0x30  copy_init3.o [4]
  .text              ro code  0x08000c94    0x28  data_init.o [4]
  .iar.init_table    const    0x08000cbc    0x14  - Linker created -
  .text              ro code  0x08000ce0    0x1a  cmain.o [4]
  .text              ro code  0x08000cfa     0x4  low_level_init.o [3]
  .text              ro code  0x08000cfe    0x12  main.o [1]
  .text              ro code  0x08000d10     0x8  exit.o [3]
  .text              ro code  0x08000d18     0xa  cexit.o [4]
  .text              ro code  0x08000d22     0x2  startup_stm32f042x6.o [1]
  .text              ro code  0x08000d24    0x14  exit.o [5]
  .rodata            const    0x08000d38    0x10  st7735.o [1]
  .rodata            const    0x08000d48    0x10  st7735.o [1]
  .rodata            const    0x08000d58    0x10  st7735.o [1]
  .rodata            const    0x08000d68    0x10  st7735.o [1]
  .text              ro code  0x08000d78     0xc  cstartup_M.o [4]
  Initializer bytes  const    0x08000d84     0x4  <for P2-1> (used: 0x0)
  .text              ro code  0x08000d88     0x2  startup_stm32f042x6.o [1]
  .text              ro code  0x08000d8a     0x2  startup_stm32f042x6.o [1]
  .text              ro code  0x08000d8c     0x2  startup_stm32f042x6.o [1]
  .text              ro code  0x08000d8e     0x2  startup_stm32f042x6.o [1]
  .text              ro code  0x08000d90     0x2  startup_stm32f042x6.o [1]
  .text              ro code  0x08000d92     0x2  startup_stm32f042x6.o [1]
  .text              ro code  0x08000d94     0x2  startup_stm32f042x6.o [1]
  .text              ro code  0x08000d96     0x2  startup_stm32f042x6.o [1]
  .text              ro code  0x08000d98     0x2  startup_stm32f042x6.o [1]
  .text              ro code  0x08000d9a     0x2  startup_stm32f042x6.o [1]
  .text              ro code  0x08000d9c     0x2  startup_stm32f042x6.o [1]
  .text              ro code  0x08000d9e     0x2  startup_stm32f042x6.o [1]
  .text              ro code  0x08000da0     0x2  startup_stm32f042x6.o [1]
  .text              ro code  0x08000da2     0x2  startup_stm32f042x6.o [1]
  .text              ro code  0x08000da4     0x2  startup_stm32f042x6.o [1]
  .text              ro code  0x08000da6     0x2  startup_stm32f042x6.o [1]
  .text              ro code  0x08000da8     0x2  startup_stm32f042x6.o [1]
  .text              ro code  0x08000daa     0x2  startup_stm32f042x6.o [1]
  .text              ro code  0x08000dac     0x2  startup_stm32f042x6.o [1]
  .text              ro code  0x08000dae     0x2  startup_stm32f042x6.o [1]
  .text              ro code  0x08000db0     0x2  startup_stm32f042x6.o [1]
  .text              ro code  0x08000db2     0x2  startup_stm32f042x6.o [1]
  .text              ro code  0x08000db4     0x2  startup_stm32f042x6.o [1]
  .text              ro code  0x08000db6     0x2  startup_stm32f042x6.o [1]
  .text              ro code  0x08000db8     0x2  startup_stm32f042x6.o [1]
  .text              ro code  0x08000dba     0x2  startup_stm32f042x6.o [1]
  .text              ro code  0x08000dbc     0x2  startup_stm32f042x6.o [1]
  .text              ro code  0x08000dbe     0x2  startup_stm32f042x6.o [1]
  .text              ro code  0x08000dc0     0x2  startup_stm32f042x6.o [1]
  .rodata            const    0x08000dc2     0x0  zero_init3.o [4]
  .rodata            const    0x08000dc2     0x0  copy_init3.o [4]
                            - 0x08000dc2   0xd02

"P2", part 1 of 3 (*** FAILED ***):          0x4
  P2-1                                       0x4  <Init block>
    .data            inited                  0x4  gpio.o [1]
                                             0x4

"P2", part 2 of 3 (*** FAILED ***):       0x6407
  .bss               zero                 0x6400  st7735.o [1]
  .bss               zero                    0x1  st7735.o [1]
  .bss               zero                    0x1  st7735.o [1]
  .bss               zero                    0x1  st7735.o [1]
  .bss               zero                    0x1  st7735.o [1]
  .bss               zero                    0x1  st7735.o [1]
  .bss               zero                    0x1  st7735.o [1]
  .bss               zero                    0x1  st7735.o [1]
                                          0x6407

"P2", part 3 of 3 (*** FAILED ***):        0x400
  CSTACK                                   0x400  <Block>
    CSTACK           uninit                0x400  <Block tail>
                                           0x400


*******************************************************************************
*** INIT TABLE
***

          Address     Size
          -------     ----
Copy (__iar_copy_init3)
    1 source range, total size 0x4:
          0x08000d84   0x4
    1 destination range, total size 0x4:
          0x00000000   0x4



*******************************************************************************
*** MODULE SUMMARY
***

    Module                 ro code  ro data  rw data
    ------                 -------  -------  -------
C:\Users\baidachenko.v.ABK-D113\Projects\st7735-adapter\SW\PROJ_DIR\Debug\Obj: [1]
    clock.o                    160
    gpio.o                     544      172        4
    main.o                      18
    st7735.o                 1 440      184   25 607
    startup_stm32f042x6.o      316
    system_stm32f0xx.o         148
    ------------------------------------------------
    Total:                   2 626      356   25 611

command line: [2]
    ------------------------------------------------
    Total:

dl6M_tln.a: [3]
    exit.o                       8
    low_level_init.o             4
    ------------------------------------------------
    Total:                      12

rt6M_tl.a: [4]
    I32DivModFast.o            224
    I64Mul.o                    50
    IntDivZer.o                  2
    cexit.o                     10
    cmain.o                     26
    copy_init3.o                48
    cstartup_M.o                12
    data_init.o                 40
    zero_init3.o                60
    ------------------------------------------------
    Total:                     472

shb_l.a: [5]
    exit.o                      20
    ------------------------------------------------
    Total:                      20

    Linker created                       20    1 024
----------------------------------------------------
    Grand Total:             3 130      376   26 635


*******************************************************************************
*** ENTRY LIST
***

Entry                      Address    Size  Type      Object
-----                      -------    ----  ----      ------
.iar.init_table$$Base   0x08000cbc           --   Gb  - Linker created -
.iar.init_table$$Limit  0x08000ce0           --   Gb  - Linker created -
?main                   0x08000ce1          Code  Gb  cmain.o [4]
CSTACK$$Base            0x00000000           --   Gb  - Linker created -
CSTACK$$Limit           0x00000400           --   Gb  - Linker created -
Rcmd1                   0x08000b74    0x48  Data  Gb  st7735.o [1]
Rcmd2green              0x08000d38    0x10  Data  Gb  st7735.o [1]
Rcmd2green144           0x08000d58    0x10  Data  Gb  st7735.o [1]
Rcmd2green160x80        0x08000d68    0x10  Data  Gb  st7735.o [1]
Rcmd2red                0x08000d48    0x10  Data  Gb  st7735.o [1]
Rcmd3                   0x08000c34    0x30  Data  Gb  st7735.o [1]
Region$$Table$$Base     0x08000cbc           --   Gb  - Linker created -
Region$$Table$$Limit    0x08000ce0           --   Gb  - Linker created -
SystemInit              0x08000ae1    0x68  Code  Gb  system_stm32f0xx.o [1]
__ICFEDIT_region_RAM_end__ {Abs}
                        0x200017ff          Data  Gb  command line/config [2]
__ICFEDIT_region_RAM_start__ {Abs}
                        0x20000000          Data  Gb  command line/config [2]
__aeabi_idiv            0x080006bf          Code  Gb  I32DivModFast.o [4]
__aeabi_idiv0           0x08000775          Code  Gb  IntDivZer.o [4]
__aeabi_idivmod         0x080006bf          Code  Gb  I32DivModFast.o [4]
__aeabi_lmul            0x08000661          Code  Gb  I64Mul.o [4]
__aeabi_uidiv           0x080006c5          Code  Gb  I32DivModFast.o [4]
__aeabi_uidivmod        0x080006c5          Code  Gb  I32DivModFast.o [4]
__cmain                 0x08000ce1          Code  Gb  cmain.o [4]
__exit                  0x08000d25    0x14  Code  Gb  exit.o [5]
__iar_copy_init3        0x08000c65    0x30  Code  Gb  copy_init3.o [4]
__iar_data_init3        0x08000c95    0x28  Code  Gb  data_init.o [4]
__iar_program_start     0x08000d79          Code  Gb  cstartup_M.o [4]
__iar_zero_init3        0x08000bf9    0x3c  Code  Gb  zero_init3.o [4]
__low_level_init        0x08000cfb     0x4  Code  Gb  low_level_init.o [3]
__vector_table          0x08000000          Data  Gb  startup_stm32f042x6.o [1]
_call_main              0x08000ced          Code  Gb  cmain.o [4]
_exit                   0x08000d19          Code  Gb  cexit.o [4]
_main                   0x08000cf7          Code  Gb  cmain.o [4]
colstart                0x00006400     0x1  Data  Lc  st7735.o [1]
commandList             0x080002b5    0x5c  Code  Gb  st7735.o [1]
commonInit              0x08000311    0x48  Code  Gb  st7735.o [1]
exit                    0x08000d11     0x8  Code  Gb  exit.o [3]
gppin_init              0x080007b3   0x1cc  Code  Gb  gpio.o [1]
height                  0x00006404     0x1  Data  Lc  st7735.o [1]
initClocks              0x08000a41    0xa0  Code  Gb  clock.o [1]
initGpios               0x08000779    0x3a  Code  Gb  gpio.o [1]
initR                   0x08000571    0xc0  Code  Gb  st7735.o [1]
initSpiDMA              0x08000129    0xb6  Code  Gb  st7735.o [1]
lcdDelay                0x0800021f    0x2c  Code  Gb  st7735.o [1]
main                    0x08000cff    0x12  Code  Gb  main.o [1]
pinNum                  0x00000000     0x4  Data  Gb  gpio.o [1]
pinsMode                0x08000998    0xa8  Data  Gb  gpio.o [1]
rowstart                0x00006401     0x1  Data  Lc  st7735.o [1]
setRotation             0x08000399   0x1ca  Code  Gb  st7735.o [1]
spiInit                 0x080000c1    0x68  Code  Lc  st7735.o [1]
spiSend                 0x080001df    0x10  Code  Gb  st7735.o [1]
st7735_lcdCmd           0x080001ef    0x18  Code  Gb  st7735.o [1]
st7735_lcdDat           0x08000207    0x18  Code  Gb  st7735.o [1]
st7735_setAddressWindow
                        0x0800024b    0x66  Code  Gb  st7735.o [1]
tabcolor                0x00006406     0x1  Data  Lc  st7735.o [1]
videoBff                0x00000000  0x6400  Data  Gb  st7735.o [1]
width                   0x00006405     0x1  Data  Lc  st7735.o [1]
xstart                  0x00006402     0x1  Data  Lc  st7735.o [1]
ystart                  0x00006403     0x1  Data  Lc  st7735.o [1]


[1] = C:\Users\baidachenko.v.ABK-D113\Projects\st7735-adapter\SW\PROJ_DIR\Debug\Obj
[2] = command line
[3] = dl6M_tln.a
[4] = rt6M_tl.a
[5] = shb_l.a

   3 130 bytes of readonly  code memory
     376 bytes of readonly  data memory
  26 635 bytes of readwrite data memory

Errors: 1
Warnings: none
