###############################################################################
#
# IAR ELF Linker V7.80.2.11947/W32 for ARM                11/Nov/2018  13:54:37
# Copyright 2007-2016 IAR Systems AB.
#
#    Output file  =  
#        C:\Users\4eef\Projects\st7735-adapter\SW\PROJ_DIR\Debug\Exe\st7735-adapter.out
#    Map file     =  
#        C:\Users\4eef\Projects\st7735-adapter\SW\PROJ_DIR\Debug\List\st7735-adapter.map
#    Command line =  
#        C:\Users\4eef\Projects\st7735-adapter\SW\PROJ_DIR\Debug\Obj\clock.o
#        C:\Users\4eef\Projects\st7735-adapter\SW\PROJ_DIR\Debug\Obj\delay.o
#        C:\Users\4eef\Projects\st7735-adapter\SW\PROJ_DIR\Debug\Obj\gpio.o
#        C:\Users\4eef\Projects\st7735-adapter\SW\PROJ_DIR\Debug\Obj\main.o
#        C:\Users\4eef\Projects\st7735-adapter\SW\PROJ_DIR\Debug\Obj\st7735.o
#        C:\Users\4eef\Projects\st7735-adapter\SW\PROJ_DIR\Debug\Obj\startup_stm32f042x6.o
#        C:\Users\4eef\Projects\st7735-adapter\SW\PROJ_DIR\Debug\Obj\system_stm32f0xx.o
#        -o
#        C:\Users\4eef\Projects\st7735-adapter\SW\PROJ_DIR\Debug\Exe\st7735-adapter.out
#        --redirect _Printf=_PrintfFull --redirect _Scanf=_ScanfFull --map
#        C:\Users\4eef\Projects\st7735-adapter\SW\PROJ_DIR\Debug\List\st7735-adapter.map
#        --config "C:\Program Files (x86)\IAR Systems\Embedded Workbench
#        7.5\arm\config\linker\ST\stm32f042x4.icf" --semihosting --entry
#        __iar_program_start --vfe
#
###############################################################################

*******************************************************************************
*** RUNTIME MODEL ATTRIBUTES
***

CppFlavor       = *
__SystemLibrary = DLib


*******************************************************************************
*** PLACEMENT SUMMARY
***

"A0":  place at 0x08000000 { ro section .intvec };
"P1":  place in [from 0x08000000 to 0x08003fff] { ro };
"P2":  place in [from 0x20000000 to 0x200017ff] { rw, block CSTACK, block HEAP };
initialize by copy { rw };

  Section            Kind        Address   Size  Object
  -------            ----        -------   ----  ------
"A0":                                      0xc0
  .intvec            ro code  0x08000000   0xc0  startup_stm32f042x6.o [1]
                            - 0x080000c0   0xc0

"P1":                                     0x626
  .text              ro code  0x080000c0  0x220  gpio.o [1]
  .text              ro code  0x080002e0   0xe0  I32DivModFast.o [4]
  .text              ro code  0x080003c0    0x2  IntDivZer.o [4]
  .text              ro code  0x080003c2    0x2  startup_stm32f042x6.o [1]
  .rodata            const    0x080003c4   0xa8  gpio.o [1]
  .text              ro code  0x0800046c   0xa0  clock.o [1]
  .text              ro code  0x0800050c   0x94  system_stm32f0xx.o [1]
  .text              ro code  0x080005a0   0x3c  startup_stm32f042x6.o [1]
  .text              ro code  0x080005dc   0x30  copy_init3.o [4]
  .text              ro code  0x0800060c   0x28  data_init.o [4]
  .iar.init_table    const    0x08000634   0x14  - Linker created -
  .text              ro code  0x08000648   0x1a  cmain.o [4]
  .text              ro code  0x08000662    0x4  low_level_init.o [3]
  .text              ro code  0x08000666    0xc  main.o [1]
  .text              ro code  0x08000672    0x8  exit.o [3]
  .text              ro code  0x0800067a    0x2  startup_stm32f042x6.o [1]
  .text              ro code  0x0800067c    0xa  cexit.o [4]
  .text              ro code  0x08000686    0x2  startup_stm32f042x6.o [1]
  .text              ro code  0x08000688   0x14  exit.o [5]
  .text              ro code  0x0800069c    0xc  cstartup_M.o [4]
  Initializer bytes  const    0x080006a8    0x4  <for P2-1>
  .text              ro code  0x080006ac    0x2  startup_stm32f042x6.o [1]
  .text              ro code  0x080006ae    0x2  startup_stm32f042x6.o [1]
  .text              ro code  0x080006b0    0x2  startup_stm32f042x6.o [1]
  .text              ro code  0x080006b2    0x2  startup_stm32f042x6.o [1]
  .text              ro code  0x080006b4    0x2  startup_stm32f042x6.o [1]
  .text              ro code  0x080006b6    0x2  startup_stm32f042x6.o [1]
  .text              ro code  0x080006b8    0x2  startup_stm32f042x6.o [1]
  .text              ro code  0x080006ba    0x2  startup_stm32f042x6.o [1]
  .text              ro code  0x080006bc    0x2  startup_stm32f042x6.o [1]
  .text              ro code  0x080006be    0x2  startup_stm32f042x6.o [1]
  .text              ro code  0x080006c0    0x2  startup_stm32f042x6.o [1]
  .text              ro code  0x080006c2    0x2  startup_stm32f042x6.o [1]
  .text              ro code  0x080006c4    0x2  startup_stm32f042x6.o [1]
  .text              ro code  0x080006c6    0x2  startup_stm32f042x6.o [1]
  .text              ro code  0x080006c8    0x2  startup_stm32f042x6.o [1]
  .text              ro code  0x080006ca    0x2  startup_stm32f042x6.o [1]
  .text              ro code  0x080006cc    0x2  startup_stm32f042x6.o [1]
  .text              ro code  0x080006ce    0x2  startup_stm32f042x6.o [1]
  .text              ro code  0x080006d0    0x2  startup_stm32f042x6.o [1]
  .text              ro code  0x080006d2    0x2  startup_stm32f042x6.o [1]
  .text              ro code  0x080006d4    0x2  startup_stm32f042x6.o [1]
  .text              ro code  0x080006d6    0x2  startup_stm32f042x6.o [1]
  .text              ro code  0x080006d8    0x2  startup_stm32f042x6.o [1]
  .text              ro code  0x080006da    0x2  startup_stm32f042x6.o [1]
  .text              ro code  0x080006dc    0x2  startup_stm32f042x6.o [1]
  .text              ro code  0x080006de    0x2  startup_stm32f042x6.o [1]
  .text              ro code  0x080006e0    0x2  startup_stm32f042x6.o [1]
  .text              ro code  0x080006e2    0x2  startup_stm32f042x6.o [1]
  .text              ro code  0x080006e4    0x2  startup_stm32f042x6.o [1]
  .rodata            const    0x080006e6    0x0  copy_init3.o [4]
                            - 0x080006e6  0x626

"P2", part 1 of 2:                          0x4
  P2-1                        0x20000000    0x4  <Init block>
    .data            inited   0x20000000    0x4  gpio.o [1]
                            - 0x20000004    0x4

"P2", part 2 of 2:                        0x400
  CSTACK                      0x20000008  0x400  <Block>
    CSTACK           uninit   0x20000008  0x400  <Block tail>
                            - 0x20000408  0x400


*******************************************************************************
*** INIT TABLE
***

          Address     Size
          -------     ----
Copy (__iar_copy_init3)
    1 source range, total size 0x4:
          0x080006a8   0x4
    1 destination range, total size 0x4:
          0x20000000   0x4



*******************************************************************************
*** MODULE SUMMARY
***

    Module                 ro code  ro data  rw data
    ------                 -------  -------  -------
C:\Users\4eef\Projects\st7735-adapter\SW\PROJ_DIR\Debug\Obj: [1]
    clock.o                    160
    gpio.o                     544      172        4
    main.o                      12
    startup_stm32f042x6.o      316
    system_stm32f0xx.o         148
    ------------------------------------------------
    Total:                   1 180      172        4

command line: [2]
    ------------------------------------------------
    Total:

dl6M_tln.a: [3]
    exit.o                       8
    low_level_init.o             4
    ------------------------------------------------
    Total:                      12

rt6M_tl.a: [4]
    I32DivModFast.o            224
    IntDivZer.o                  2
    cexit.o                     10
    cmain.o                     26
    copy_init3.o                48
    cstartup_M.o                12
    data_init.o                 40
    ------------------------------------------------
    Total:                     362

shb_l.a: [5]
    exit.o                      20
    ------------------------------------------------
    Total:                      20

    Linker created                       20    1 024
----------------------------------------------------
    Grand Total:             1 574      192    1 028


*******************************************************************************
*** ENTRY LIST
***

Entry                      Address   Size  Type      Object
-----                      -------   ----  ----      ------
.iar.init_table$$Base   0x08000634          --   Gb  - Linker created -
.iar.init_table$$Limit  0x08000648          --   Gb  - Linker created -
?main                   0x08000649         Code  Gb  cmain.o [4]
CSTACK$$Base            0x20000008          --   Gb  - Linker created -
CSTACK$$Limit           0x20000408          --   Gb  - Linker created -
Region$$Table$$Base     0x08000634          --   Gb  - Linker created -
Region$$Table$$Limit    0x08000648          --   Gb  - Linker created -
SystemInit              0x0800050d   0x68  Code  Gb  system_stm32f0xx.o [1]
__ICFEDIT_region_RAM_end__ {Abs}
                        0x200017ff         Data  Gb  command line/config [2]
__ICFEDIT_region_RAM_start__ {Abs}
                        0x20000000         Data  Gb  command line/config [2]
__aeabi_idiv            0x0800030d         Code  Gb  I32DivModFast.o [4]
__aeabi_idiv0           0x080003c1         Code  Gb  IntDivZer.o [4]
__aeabi_idivmod         0x0800030d         Code  Gb  I32DivModFast.o [4]
__aeabi_uidiv           0x08000313         Code  Gb  I32DivModFast.o [4]
__aeabi_uidivmod        0x08000313         Code  Gb  I32DivModFast.o [4]
__cmain                 0x08000649         Code  Gb  cmain.o [4]
__exit                  0x08000689   0x14  Code  Gb  exit.o [5]
__iar_copy_init3        0x080005dd   0x30  Code  Gb  copy_init3.o [4]
__iar_data_init3        0x0800060d   0x28  Code  Gb  data_init.o [4]
__iar_program_start     0x0800069d         Code  Gb  cstartup_M.o [4]
__low_level_init        0x08000663    0x4  Code  Gb  low_level_init.o [3]
__vector_table          0x08000000         Data  Gb  startup_stm32f042x6.o [1]
_call_main              0x08000655         Code  Gb  cmain.o [4]
_exit                   0x0800067d         Code  Gb  cexit.o [4]
_main                   0x0800065f         Code  Gb  cmain.o [4]
exit                    0x08000673    0x8  Code  Gb  exit.o [3]
gppin_init              0x080000fb  0x1cc  Code  Gb  gpio.o [1]
initClocks              0x0800046d   0xa0  Code  Gb  clock.o [1]
initGpios               0x080000c1   0x3a  Code  Gb  gpio.o [1]
main                    0x08000667    0xc  Code  Gb  main.o [1]
pinNum                  0x20000000    0x4  Data  Gb  gpio.o [1]
pinsMode                0x080003c4   0xa8  Data  Gb  gpio.o [1]


[1] = C:\Users\4eef\Projects\st7735-adapter\SW\PROJ_DIR\Debug\Obj
[2] = command line
[3] = dl6M_tln.a
[4] = rt6M_tl.a
[5] = shb_l.a

  1 574 bytes of readonly  code memory
    192 bytes of readonly  data memory
  1 028 bytes of readwrite data memory

Errors: none
Warnings: none
