###############################################################################
#
# IAR ELF Linker V7.80.2.11947/W32 for ARM                15/Nov/2018  22:37:54
# Copyright 2007-2016 IAR Systems AB.
#
#    Output file  =  
#        C:\Users\4eef\Projects\st7735-adapter\SW\PROJ_DIR\Debug\Exe\st7735-adapter.out
#    Map file     =  
#        C:\Users\4eef\Projects\st7735-adapter\SW\PROJ_DIR\Debug\List\st7735-adapter.map
#    Command line =  
#        C:\Users\4eef\Projects\st7735-adapter\SW\PROJ_DIR\Debug\Obj\clock.o
#        C:\Users\4eef\Projects\st7735-adapter\SW\PROJ_DIR\Debug\Obj\delay.o
#        C:\Users\4eef\Projects\st7735-adapter\SW\PROJ_DIR\Debug\Obj\gpio.o
#        C:\Users\4eef\Projects\st7735-adapter\SW\PROJ_DIR\Debug\Obj\main.o
#        C:\Users\4eef\Projects\st7735-adapter\SW\PROJ_DIR\Debug\Obj\st7735.o
#        C:\Users\4eef\Projects\st7735-adapter\SW\PROJ_DIR\Debug\Obj\startup_stm32f042x6.o
#        C:\Users\4eef\Projects\st7735-adapter\SW\PROJ_DIR\Debug\Obj\system_stm32f0xx.o
#        --redirect _Printf=_PrintfFull --redirect _Scanf=_ScanfFull -o
#        C:\Users\4eef\Projects\st7735-adapter\SW\PROJ_DIR\Debug\Exe\st7735-adapter.out
#        --map
#        C:\Users\4eef\Projects\st7735-adapter\SW\PROJ_DIR\Debug\List\st7735-adapter.map
#        --config "C:\Program Files (x86)\IAR Systems\Embedded Workbench
#        7.5\arm\config\linker\ST\stm32f042x4.icf" --semihosting --entry
#        __iar_program_start --vfe
#
###############################################################################

*******************************************************************************
*** RUNTIME MODEL ATTRIBUTES
***

CppFlavor       = *
__SystemLibrary = DLib


*******************************************************************************
*** PLACEMENT SUMMARY
***

"A0":  place at 0x08000000 { ro section .intvec };
"P1":  place in [from 0x08000000 to 0x08003fff] { ro };
"P2":  place in [from 0x20000000 to 0x200017ff] { rw, block CSTACK, block HEAP };
initialize by copy { rw };

  Section            Kind        Address   Size  Object
  -------            ----        -------   ----  ------
"A0":                                      0xc0
  .intvec            ro code  0x08000000   0xc0  startup_stm32f042x6.o [1]
                            - 0x080000c0   0xc0

"P1":                                     0xd26
  .text              ro code  0x080000c0  0x5c4  st7735.o [1]
  .text              ro code  0x08000684   0x32  I64Mul.o [4]
  .text              ro code  0x080006b6   0xe0  I32DivModFast.o [4]
  .text              ro code  0x08000796    0x2  startup_stm32f042x6.o [1]
  .text              ro code  0x08000798    0x2  IntDivZer.o [4]
  .text              ro code  0x0800079a    0x2  startup_stm32f042x6.o [1]
  .text              ro code  0x0800079c  0x220  gpio.o [1]
  .rodata            const    0x080009bc   0xa8  gpio.o [1]
  .text              ro code  0x08000a64   0xa0  clock.o [1]
  .text              ro code  0x08000b04   0x94  system_stm32f0xx.o [1]
  .rodata            const    0x08000b98   0x48  st7735.o [1]
  .text              ro code  0x08000be0   0x3c  startup_stm32f042x6.o [1]
  .text              ro code  0x08000c1c   0x3c  zero_init3.o [4]
  .rodata            const    0x08000c58   0x30  st7735.o [1]
  .text              ro code  0x08000c88   0x30  copy_init3.o [4]
  .text              ro code  0x08000cb8   0x28  data_init.o [4]
  .iar.init_table    const    0x08000ce0   0x24  - Linker created -
  .text              ro code  0x08000d04   0x1a  cmain.o [4]
  .text              ro code  0x08000d1e    0x4  low_level_init.o [3]
  .text              ro code  0x08000d22   0x12  main.o [1]
  .text              ro code  0x08000d34    0x8  exit.o [3]
  .text              ro code  0x08000d3c    0xa  cexit.o [4]
  .text              ro code  0x08000d46    0x2  startup_stm32f042x6.o [1]
  .text              ro code  0x08000d48   0x14  exit.o [5]
  .rodata            const    0x08000d5c   0x10  st7735.o [1]
  .rodata            const    0x08000d6c   0x10  st7735.o [1]
  .rodata            const    0x08000d7c   0x10  st7735.o [1]
  .rodata            const    0x08000d8c   0x10  st7735.o [1]
  .text              ro code  0x08000d9c    0xc  cstartup_M.o [4]
  Initializer bytes  const    0x08000da8    0x4  <for P2-1>
  .text              ro code  0x08000dac    0x2  startup_stm32f042x6.o [1]
  .text              ro code  0x08000dae    0x2  startup_stm32f042x6.o [1]
  .text              ro code  0x08000db0    0x2  startup_stm32f042x6.o [1]
  .text              ro code  0x08000db2    0x2  startup_stm32f042x6.o [1]
  .text              ro code  0x08000db4    0x2  startup_stm32f042x6.o [1]
  .text              ro code  0x08000db6    0x2  startup_stm32f042x6.o [1]
  .text              ro code  0x08000db8    0x2  startup_stm32f042x6.o [1]
  .text              ro code  0x08000dba    0x2  startup_stm32f042x6.o [1]
  .text              ro code  0x08000dbc    0x2  startup_stm32f042x6.o [1]
  .text              ro code  0x08000dbe    0x2  startup_stm32f042x6.o [1]
  .text              ro code  0x08000dc0    0x2  startup_stm32f042x6.o [1]
  .text              ro code  0x08000dc2    0x2  startup_stm32f042x6.o [1]
  .text              ro code  0x08000dc4    0x2  startup_stm32f042x6.o [1]
  .text              ro code  0x08000dc6    0x2  startup_stm32f042x6.o [1]
  .text              ro code  0x08000dc8    0x2  startup_stm32f042x6.o [1]
  .text              ro code  0x08000dca    0x2  startup_stm32f042x6.o [1]
  .text              ro code  0x08000dcc    0x2  startup_stm32f042x6.o [1]
  .text              ro code  0x08000dce    0x2  startup_stm32f042x6.o [1]
  .text              ro code  0x08000dd0    0x2  startup_stm32f042x6.o [1]
  .text              ro code  0x08000dd2    0x2  startup_stm32f042x6.o [1]
  .text              ro code  0x08000dd4    0x2  startup_stm32f042x6.o [1]
  .text              ro code  0x08000dd6    0x2  startup_stm32f042x6.o [1]
  .text              ro code  0x08000dd8    0x2  startup_stm32f042x6.o [1]
  .text              ro code  0x08000dda    0x2  startup_stm32f042x6.o [1]
  .text              ro code  0x08000ddc    0x2  startup_stm32f042x6.o [1]
  .text              ro code  0x08000dde    0x2  startup_stm32f042x6.o [1]
  .text              ro code  0x08000de0    0x2  startup_stm32f042x6.o [1]
  .text              ro code  0x08000de2    0x2  startup_stm32f042x6.o [1]
  .text              ro code  0x08000de4    0x2  startup_stm32f042x6.o [1]
  .rodata            const    0x08000de6    0x0  zero_init3.o [4]
  .rodata            const    0x08000de6    0x0  copy_init3.o [4]
                            - 0x08000de6  0xd26

"P2", part 1 of 3:                          0x4
  P2-1                        0x20000000    0x4  <Init block>
    .data            inited   0x20000000    0x4  gpio.o [1]
                            - 0x20000004    0x4

"P2", part 2 of 3:                        0x400
  CSTACK                      0x20000008  0x400  <Block>
    CSTACK           uninit   0x20000008  0x400  <Block tail>
                            - 0x20000408  0x400

"P2", part 3 of 3:                        0xc88
  .bss               zero     0x20000408  0xc80  st7735.o [1]
  .bss               zero     0x20001088    0x1  st7735.o [1]
  .bss               zero     0x20001089    0x1  st7735.o [1]
  .bss               zero     0x2000108a    0x1  st7735.o [1]
  .bss               zero     0x2000108b    0x1  st7735.o [1]
  .bss               zero     0x2000108c    0x1  st7735.o [1]
  .bss               zero     0x2000108d    0x1  st7735.o [1]
  .bss               zero     0x2000108e    0x1  st7735.o [1]
                            - 0x2000108f  0xc87


*******************************************************************************
*** INIT TABLE
***

          Address     Size
          -------     ----
Zero (__iar_zero_init3)
    1 destination range, total size 0xc87:
          0x20000408  0xc87

Copy (__iar_copy_init3)
    1 source range, total size 0x4:
          0x08000da8    0x4
    1 destination range, total size 0x4:
          0x20000000    0x4



*******************************************************************************
*** MODULE SUMMARY
***

    Module                 ro code  ro data  rw data
    ------                 -------  -------  -------
C:\Users\4eef\Projects\st7735-adapter\SW\PROJ_DIR\Debug\Obj: [1]
    clock.o                    160
    gpio.o                     544      172        4
    main.o                      18
    st7735.o                 1 476      184    3 207
    startup_stm32f042x6.o      316
    system_stm32f0xx.o         148
    ------------------------------------------------
    Total:                   2 662      356    3 211

command line: [2]
    ------------------------------------------------
    Total:

dl6M_tln.a: [3]
    exit.o                       8
    low_level_init.o             4
    ------------------------------------------------
    Total:                      12

rt6M_tl.a: [4]
    I32DivModFast.o            224
    I64Mul.o                    50
    IntDivZer.o                  2
    cexit.o                     10
    cmain.o                     26
    copy_init3.o                48
    cstartup_M.o                12
    data_init.o                 40
    zero_init3.o                60
    ------------------------------------------------
    Total:                     472

shb_l.a: [5]
    exit.o                      20
    ------------------------------------------------
    Total:                      20

    Linker created                       36    1 024
----------------------------------------------------
    Grand Total:             3 166      392    4 235


*******************************************************************************
*** ENTRY LIST
***

Entry                      Address   Size  Type      Object
-----                      -------   ----  ----      ------
.iar.init_table$$Base   0x08000ce0          --   Gb  - Linker created -
.iar.init_table$$Limit  0x08000d04          --   Gb  - Linker created -
?main                   0x08000d05         Code  Gb  cmain.o [4]
CSTACK$$Base            0x20000008          --   Gb  - Linker created -
CSTACK$$Limit           0x20000408          --   Gb  - Linker created -
Rcmd1                   0x08000b98   0x48  Data  Gb  st7735.o [1]
Rcmd2green              0x08000d5c   0x10  Data  Gb  st7735.o [1]
Rcmd2green144           0x08000d7c   0x10  Data  Gb  st7735.o [1]
Rcmd2green160x80        0x08000d8c   0x10  Data  Gb  st7735.o [1]
Rcmd2red                0x08000d6c   0x10  Data  Gb  st7735.o [1]
Rcmd3                   0x08000c58   0x30  Data  Gb  st7735.o [1]
Region$$Table$$Base     0x08000ce0          --   Gb  - Linker created -
Region$$Table$$Limit    0x08000d04          --   Gb  - Linker created -
SystemInit              0x08000b05   0x68  Code  Gb  system_stm32f0xx.o [1]
__ICFEDIT_region_RAM_end__ {Abs}
                        0x200017ff         Data  Gb  command line/config [2]
__ICFEDIT_region_RAM_start__ {Abs}
                        0x20000000         Data  Gb  command line/config [2]
__aeabi_idiv            0x080006e3         Code  Gb  I32DivModFast.o [4]
__aeabi_idiv0           0x08000799         Code  Gb  IntDivZer.o [4]
__aeabi_idivmod         0x080006e3         Code  Gb  I32DivModFast.o [4]
__aeabi_lmul            0x08000685         Code  Gb  I64Mul.o [4]
__aeabi_uidiv           0x080006e9         Code  Gb  I32DivModFast.o [4]
__aeabi_uidivmod        0x080006e9         Code  Gb  I32DivModFast.o [4]
__cmain                 0x08000d05         Code  Gb  cmain.o [4]
__exit                  0x08000d49   0x14  Code  Gb  exit.o [5]
__iar_copy_init3        0x08000c89   0x30  Code  Gb  copy_init3.o [4]
__iar_data_init3        0x08000cb9   0x28  Code  Gb  data_init.o [4]
__iar_program_start     0x08000d9d         Code  Gb  cstartup_M.o [4]
__iar_zero_init3        0x08000c1d   0x3c  Code  Gb  zero_init3.o [4]
__low_level_init        0x08000d1f    0x4  Code  Gb  low_level_init.o [3]
__vector_table          0x08000000         Data  Gb  startup_stm32f042x6.o [1]
_call_main              0x08000d11         Code  Gb  cmain.o [4]
_exit                   0x08000d3d         Code  Gb  cexit.o [4]
_main                   0x08000d1b         Code  Gb  cmain.o [4]
colstart                0x20001088    0x1  Data  Lc  st7735.o [1]
commandList             0x080002b5   0x5c  Code  Gb  st7735.o [1]
commonInit              0x08000311   0x48  Code  Gb  st7735.o [1]
exit                    0x08000d35    0x8  Code  Gb  exit.o [3]
gppin_init              0x080007d7  0x1cc  Code  Gb  gpio.o [1]
height                  0x2000108c    0x1  Data  Lc  st7735.o [1]
initClocks              0x08000a65   0xa0  Code  Gb  clock.o [1]
initGpios               0x0800079d   0x3a  Code  Gb  gpio.o [1]
initR                   0x08000575   0xda  Code  Gb  st7735.o [1]
initSpiDMA              0x08000129   0xb6  Code  Gb  st7735.o [1]
lcdDelay                0x0800021f   0x2c  Code  Gb  st7735.o [1]
main                    0x08000d23   0x12  Code  Gb  main.o [1]
pinNum                  0x20000000    0x4  Data  Gb  gpio.o [1]
pinsMode                0x080009bc   0xa8  Data  Gb  gpio.o [1]
rowstart                0x20001089    0x1  Data  Lc  st7735.o [1]
setRotation             0x08000399  0x1ca  Code  Gb  st7735.o [1]
spiInit                 0x080000c1   0x68  Code  Lc  st7735.o [1]
spiSend                 0x080001df   0x10  Code  Gb  st7735.o [1]
st7735_lcdCmd           0x080001ef   0x18  Code  Gb  st7735.o [1]
st7735_lcdDat           0x08000207   0x18  Code  Gb  st7735.o [1]
st7735_setAddressWindow
                        0x0800024b   0x66  Code  Gb  st7735.o [1]
tabcolor                0x2000108e    0x1  Data  Lc  st7735.o [1]
videoBff                0x20000408  0xc80  Data  Gb  st7735.o [1]
width                   0x2000108d    0x1  Data  Lc  st7735.o [1]
xstart                  0x2000108a    0x1  Data  Lc  st7735.o [1]
ystart                  0x2000108b    0x1  Data  Lc  st7735.o [1]


[1] = C:\Users\4eef\Projects\st7735-adapter\SW\PROJ_DIR\Debug\Obj
[2] = command line
[3] = dl6M_tln.a
[4] = rt6M_tl.a
[5] = shb_l.a

  3 166 bytes of readonly  code memory
    392 bytes of readonly  data memory
  4 235 bytes of readwrite data memory

Errors: none
Warnings: none
